 Project12

 Timestamp is 63c160d3 (Fri Jan 13 21:46:59 2023)

 Preferred load address is 0000000000400000

 Start         Length     Name                   Class
 0001:00000000 000000cfH .text                   CODE
 0001:000000cf 00000bddH .text$mn                CODE
 0002:00000000 000000c8H .rdata                  DATA
 0002:00000114 00000004H .CRT$XCA                DATA
 0002:00000118 00000004H .CRT$XCAA               DATA
 0002:0000011c 00000004H .CRT$XCZ                DATA
 0002:00000120 00000004H .CRT$XIA                DATA
 0002:00000124 00000004H .CRT$XIAA               DATA
 0002:00000128 00000004H .CRT$XIAC               DATA
 0002:0000012c 00000004H .CRT$XIZ                DATA
 0002:00000130 00000004H .CRT$XPA                DATA
 0002:00000134 00000004H .CRT$XPZ                DATA
 0002:00000138 00000004H .CRT$XTA                DATA
 0002:0000013c 00000004H .CRT$XTZ                DATA
 0002:0000078c 00000004H .rtc$IAA                DATA
 0002:00000790 00000004H .rtc$IZZ                DATA
 0002:00000794 00000004H .rtc$TAA                DATA
 0002:00000798 00000004H .rtc$TZZ                DATA
 0002:000007a0 0000003cH .xdata$x                DATA
 0003:00000000 00000020H .data                   DATA
 0003:00000020 0000037cH .bss                    DATA
 0004:00000000 00000008H .00cfg                  DATA
 0005:00000000 00000058H .rsrc$01                DATA
 0005:00000060 00000178H .rsrc$02                DATA

  Address         Publics by Value              Rva+Base               Lib:Object

 0000:00000000       ___AbsoluteZero            0000000000000000     <absolute>
 0000:00000000       ___guard_fids_table        0000000000000000     <absolute>
 0000:00000000       ___guard_fids_count        0000000000000000     <absolute>
 0000:00000000       ___guard_flags             0000000000000000     <absolute>
 0000:00000000       ___guard_iat_table         0000000000000000     <absolute>
 0000:00000000       ___guard_iat_count         0000000000000000     <absolute>
 0000:00000000       ___guard_longjmp_table     0000000000000000     <absolute>
 0000:00000000       ___guard_longjmp_count     0000000000000000     <absolute>
 0000:00000000       ___enclave_config          0000000000000000     <absolute>
 0000:00000000       ___guard_eh_cont_table     0000000000000000     <absolute>
 0000:00000000       ___guard_eh_cont_count     0000000000000000     <absolute>
 0000:00000000       ___AbsoluteZero            0000000000000000     <absolute>
 0000:00000001       ___safe_se_handler_count   0000000000000001     <absolute>
 0000:00000002       @vol.md                    0000000000000002     <absolute>
 0000:00000002       @vol.md                    0000000000000002     <absolute>
 0000:00000002       @vol.md                    0000000000000002     <absolute>
 0000:00000002       @vol.md                    0000000000000002     <absolute>
 0000:00000002       @vol.md                    0000000000000002     <absolute>
 0000:00000002       @vol.md                    0000000000000002     <absolute>
 0000:00000002       @vol.md                    0000000000000002     <absolute>
 0000:00000002       @vol.md                    0000000000000002     <absolute>
 0000:00000002       @vol.md                    0000000000000002     <absolute>
 0000:00000002       @vol.md                    0000000000000002     <absolute>
 0000:00000002       @vol.md                    0000000000000002     <absolute>
 0000:00000002       @vol.md                    0000000000000002     <absolute>
 0000:00000002       @vol.md                    0000000000000002     <absolute>
 0000:00000002       @vol.md                    0000000000000002     <absolute>
 0000:00000002       @vol.md                    0000000000000002     <absolute>
 0000:00000002       @vol.md                    0000000000000002     <absolute>
 0000:00000002       @vol.md                    0000000000000002     <absolute>
 0000:00000002       @vol.md                    0000000000000002     <absolute>
 0000:00000002       @vol.md                    0000000000000002     <absolute>
 0000:00000002       @vol.md                    0000000000000002     <absolute>
 0000:00000002       @vol.md                    0000000000000002     <absolute>
 0000:00000002       @vol.md                    0000000000000002     <absolute>
 0000:00000002       @vol.md                    0000000000000002     <absolute>
 0000:00000002       @vol.md                    0000000000000002     <absolute>
 0000:00000002       @vol.md                    0000000000000002     <absolute>
 0000:00000002       @vol.md                    0000000000000002     <absolute>
 0000:00000002       @vol.md                    0000000000000002     <absolute>
 0000:00000002       @vol.md                    0000000000000002     <absolute>
 0000:00000002       @vol.md                    0000000000000002     <absolute>
 0000:00000002       @vol.md                    0000000000000002     <absolute>
 0000:00000002       @vol.md                    0000000000000002     <absolute>
 0000:00000002       @vol.md                    0000000000000002     <absolute>
 0000:00000000       ___ImageBase               0000000000400000     <linker-defined>
 0001:00000000       ?add@@YAHHH@Z              0000000000401000 f   Source.obj
 0001:00000040       ?empty@@YAXXZ              0000000000401040 f   Source.obj
 0001:00000050       _main                      0000000000401050 f   Source.obj
 0001:00000080       _printf                    0000000000401080 f   Source.obj
 0001:000000c0       ___local_stdio_printf_options 00000000004010c0 f   Source.obj
 0001:00000316       _mainCRTStartup            0000000000401316 f   msvcrt:exe_main.obj
 0001:00000320       _atexit                    0000000000401320 f   msvcrt:utility.obj
 0001:00000335       __onexit                   0000000000401335 f   msvcrt:utility.obj
 0001:00000362       ___scrt_is_nonwritable_in_current_image 0000000000401362 f   msvcrt:utility.obj
 0001:000003f6       ___scrt_acquire_startup_lock 00000000004013f6 f   msvcrt:utility.obj
 0001:00000428       ___scrt_release_startup_lock 0000000000401428 f   msvcrt:utility.obj
 0001:00000445       ___scrt_initialize_crt     0000000000401445 f   msvcrt:utility.obj
 0001:0000047e       ___scrt_uninitialize_crt   000000000040147e f   msvcrt:utility.obj
 0001:000004a6       ___scrt_initialize_onexit_tables 00000000004014a6 f   msvcrt:utility.obj
 0001:00000571       ___security_init_cookie    0000000000401571 f   msvcrt:gs_support.obj
 0001:00000609       __matherr                  0000000000401609 f   msvcrt:matherr.obj
 0001:00000609       __get_startup_commit_mode  0000000000401609 f   msvcrt:commit_mode.obj
 0001:00000609       __get_startup_new_mode     0000000000401609 f   msvcrt:new_mode.obj
 0001:00000609       __get_startup_thread_locale_mode 0000000000401609 f   msvcrt:thread_locale.obj
 0001:00000609       ___scrt_initialize_winrt   0000000000401609 f   msvcrt:utility_desktop.obj
 0001:00000609       ___scrt_stub_for_initialize_mta 0000000000401609 f   msvcrt:utility_desktop.obj
 0001:00000609       ___scrt_stub_for_initialize_mta 0000000000401609 f   msvcrt:utility_desktop.obj
 0001:0000060c       __get_startup_argv_mode    000000000040160c f   msvcrt:argv_mode.obj
 0001:00000610       __get_startup_file_mode    0000000000401610 f   msvcrt:file_mode.obj
 0001:00000616       ?__scrt_initialize_type_info@@YAXXZ 0000000000401616 f   msvcrt:tncleanup.obj
 0001:00000622       __should_initialize_environment 0000000000401622 f   msvcrt:env_mode.obj
 0001:00000622       ___scrt_stub_for_acrt_initialize 0000000000401622 f   msvcrt:ucrt_stubs.obj
 0001:00000622       ___scrt_stub_for_acrt_uninitialize 0000000000401622 f   msvcrt:ucrt_stubs.obj
 0001:00000622       ___scrt_stub_for_acrt_initialize 0000000000401622 f   msvcrt:ucrt_stubs.obj
 0001:00000622       ___scrt_stub_for_acrt_uninitialize 0000000000401622 f   msvcrt:ucrt_stubs.obj
 0001:00000622       ___scrt_stub_for_acrt_initialize 0000000000401622 f   msvcrt:ucrt_stubs.obj
 0001:00000622       ___scrt_stub_for_acrt_uninitialize 0000000000401622 f   msvcrt:ucrt_stubs.obj
 0001:00000625       __initialize_default_precision 0000000000401625 f   msvcrt:default_precision.obj
 0001:00000646       __initialize_invalid_parameter_handler 0000000000401646 f   msvcrt:invalid_parameter_handler.obj
 0001:00000646       __initialize_denormal_control 0000000000401646 f   msvcrt:denormal_control.obj
 0001:00000646       @_guard_check_icall_nop@4  0000000000401646 f   odbccp32:guard_check.obj
 0001:00000649       ___scrt_initialize_default_local_stdio_options 0000000000401649 f   msvcrt:default_local_stdio_options.obj
 0001:00000666       ___local_stdio_scanf_options 0000000000401666 f   msvcrt:default_local_stdio_options.obj
 0001:0000066c       ___scrt_is_user_matherr_present 000000000040166c f   msvcrt:matherr_detection.obj
 0001:00000678       ___scrt_get_dyn_tls_init_callback 0000000000401678 f   msvcrt:dyn_tls_init.obj
 0001:0000067e       ___scrt_get_dyn_tls_dtor_callback 000000000040167e f   msvcrt:dyn_tls_dtor.obj
 0001:00000684       __crt_debugger_hook        0000000000401684 f   msvcrt:utility_desktop.obj
 0001:0000068c       ___scrt_is_managed_app     000000000040168c f   msvcrt:utility_desktop.obj
 0001:000006ce       ___scrt_initialize_mta     00000000004016ce f   msvcrt:utility_desktop.obj
 0001:000006d3       ___scrt_set_unhandled_exception_filter 00000000004016d3 f   msvcrt:utility_desktop.obj
 0001:000006df       ___scrt_fastfail           00000000004016df f   msvcrt:utility_desktop.obj
 0001:000007fa       ___scrt_unhandled_exception_filter@4 00000000004017fa f   msvcrt:utility_desktop.obj
 0001:00000850       __RTC_Initialize           0000000000401850 f   msvcrt:initsect.obj
 0001:0000087c       __RTC_Terminate            000000000040187c f   msvcrt:initsect.obj
 0001:000008b0       __SEH_prolog4              00000000004018b0 f   msvcrt:sehprolg4.obj
 0001:000008f5       __except_handler4          00000000004018f5 f   msvcrt:chandler4gs.obj
 0001:00000924       ___isa_available_init      0000000000401924 f   msvcrt:cpu_disp.obj
 0001:00000af8       ___scrt_is_ucrt_dll_in_use 0000000000401af8 f   msvcrt:ucrt_detection.obj
 0001:00000b04       @__security_check_cookie@4 0000000000401b04 f   msvcrt:secchk.obj
 0001:00000b12       ___report_gsfailure        0000000000401b12 f   msvcrt:gs_report.obj
 0001:00000c0c       ___raise_securityfailure   0000000000401c0c f   msvcrt:gs_report.obj
 0001:00000c34       __filter_x86_sse2_floating_point_exception_default 0000000000401c34 f   msvcrt:x86_exception_filter.obj
 0001:00000c34       __filter_x86_sse2_floating_point_exception_default 0000000000401c34 f   msvcrt:x86_exception_filter.obj
 0001:00000cac       ___current_exception       0000000000401cac     vcruntime:VCRUNTIME140.dll
 0001:00000cb2       ___current_exception_context 0000000000401cb2     vcruntime:VCRUNTIME140.dll
 0001:00000cb8       __except_handler4_common   0000000000401cb8     vcruntime:VCRUNTIME140.dll
 0001:00000cbe       _memset                    0000000000401cbe     vcruntime:VCRUNTIME140.dll
 0001:00000cc4       ___p___argc                0000000000401cc4     ucrt:api-ms-win-crt-runtime-l1-1-0.dll
 0001:00000cca       ___p___argv                0000000000401cca     ucrt:api-ms-win-crt-runtime-l1-1-0.dll
 0001:00000cd0       ___p__commode              0000000000401cd0     ucrt:api-ms-win-crt-stdio-l1-1-0.dll
 0001:00000cd6       ___setusermatherr          0000000000401cd6     ucrt:api-ms-win-crt-math-l1-1-0.dll
 0001:00000cdc       __c_exit                   0000000000401cdc     ucrt:api-ms-win-crt-runtime-l1-1-0.dll
 0001:00000ce2       __cexit                    0000000000401ce2     ucrt:api-ms-win-crt-runtime-l1-1-0.dll
 0001:00000ce8       __configthreadlocale       0000000000401ce8     ucrt:api-ms-win-crt-locale-l1-1-0.dll
 0001:00000cee       __configure_narrow_argv    0000000000401cee     ucrt:api-ms-win-crt-runtime-l1-1-0.dll
 0001:00000cf4       __controlfp_s              0000000000401cf4     ucrt:api-ms-win-crt-runtime-l1-1-0.dll
 0001:00000cfa       __crt_atexit               0000000000401cfa     ucrt:api-ms-win-crt-runtime-l1-1-0.dll
 0001:00000d00       __exit                     0000000000401d00     ucrt:api-ms-win-crt-runtime-l1-1-0.dll
 0001:00000d06       __get_initial_narrow_environment 0000000000401d06     ucrt:api-ms-win-crt-runtime-l1-1-0.dll
 0001:00000d0c       __initialize_narrow_environment 0000000000401d0c     ucrt:api-ms-win-crt-runtime-l1-1-0.dll
 0001:00000d12       __initialize_onexit_table  0000000000401d12     ucrt:api-ms-win-crt-runtime-l1-1-0.dll
 0001:00000d18       __initterm                 0000000000401d18     ucrt:api-ms-win-crt-runtime-l1-1-0.dll
 0001:00000d1e       __initterm_e               0000000000401d1e     ucrt:api-ms-win-crt-runtime-l1-1-0.dll
 0001:00000d24       __register_onexit_function 0000000000401d24     ucrt:api-ms-win-crt-runtime-l1-1-0.dll
 0001:00000d2a       __register_thread_local_exe_atexit_callback 0000000000401d2a     ucrt:api-ms-win-crt-runtime-l1-1-0.dll
 0001:00000d30       __seh_filter_exe           0000000000401d30     ucrt:api-ms-win-crt-runtime-l1-1-0.dll
 0001:00000d36       __set_app_type             0000000000401d36     ucrt:api-ms-win-crt-runtime-l1-1-0.dll
 0001:00000d3c       __set_fmode                0000000000401d3c     ucrt:api-ms-win-crt-stdio-l1-1-0.dll
 0001:00000d42       __set_new_mode             0000000000401d42     ucrt:api-ms-win-crt-heap-l1-1-0.dll
 0001:00000d48       _exit                      0000000000401d48     ucrt:api-ms-win-crt-runtime-l1-1-0.dll
 0001:00000d4e       _terminate                 0000000000401d4e     ucrt:api-ms-win-crt-runtime-l1-1-0.dll
 0002:00000000       __load_config_used         0000000000402000     msvcrt:loadcfg.obj
 0002:000000c8       ??_C@_03PMGGPEJJ@?$CFd?6?$AA@ 00000000004020c8     Source.obj
 0000:00000000       ___safe_se_handler_table   000000000040210e     <linker-defined>
 0002:00000114       ___xc_a                    0000000000402114     msvcrt:initializers.obj
 0002:0000011c       ___xc_z                    000000000040211c     msvcrt:initializers.obj
 0002:00000120       ___xi_a                    0000000000402120     msvcrt:initializers.obj
 0002:0000012c       ___xi_z                    000000000040212c     msvcrt:initializers.obj
 0002:00000130       ___xp_a                    0000000000402130     msvcrt:initializers.obj
 0002:00000134       ___xp_z                    0000000000402134     msvcrt:initializers.obj
 0002:00000138       ___xt_a                    0000000000402138     msvcrt:initializers.obj
 0002:0000013c       ___xt_z                    000000000040213c     msvcrt:initializers.obj
 0002:000002a4       __imp__GetCurrentProcess@0 00000000004022a4     kernel32:KERNEL32.dll
 0002:000002a8       __imp__GetCurrentProcessId@0 00000000004022a8     kernel32:KERNEL32.dll
 0002:000002ac       __imp__GetCurrentThreadId@0 00000000004022ac     kernel32:KERNEL32.dll
 0002:000002b0       __imp__GetModuleHandleW@4  00000000004022b0     kernel32:KERNEL32.dll
 0002:000002b4       __imp__GetSystemTimeAsFileTime@4 00000000004022b4     kernel32:KERNEL32.dll
 0002:000002b8       __imp__InitializeSListHead@4 00000000004022b8     kernel32:KERNEL32.dll
 0002:000002bc       __imp__IsDebuggerPresent@0 00000000004022bc     kernel32:KERNEL32.dll
 0002:000002c0       __imp__IsProcessorFeaturePresent@4 00000000004022c0     kernel32:KERNEL32.dll
 0002:000002c4       __imp__QueryPerformanceCounter@4 00000000004022c4     kernel32:KERNEL32.dll
 0002:000002c8       __imp__SetUnhandledExceptionFilter@4 00000000004022c8     kernel32:KERNEL32.dll
 0002:000002cc       __imp__TerminateProcess@8  00000000004022cc     kernel32:KERNEL32.dll
 0002:000002d0       __imp__UnhandledExceptionFilter@4 00000000004022d0     kernel32:KERNEL32.dll
 0002:000002d8       __imp____current_exception 00000000004022d8     vcruntime:VCRUNTIME140.dll
 0002:000002dc       __imp____current_exception_context 00000000004022dc     vcruntime:VCRUNTIME140.dll
 0002:000002e0       __imp___except_handler4_common 00000000004022e0     vcruntime:VCRUNTIME140.dll
 0002:000002e4       __imp__memset              00000000004022e4     vcruntime:VCRUNTIME140.dll
 0002:000002ec       __imp____p___argc          00000000004022ec     ucrt:api-ms-win-crt-runtime-l1-1-0.dll
 0002:000002f0       __imp____p___argv          00000000004022f0     ucrt:api-ms-win-crt-runtime-l1-1-0.dll
 0002:000002f4       __imp___c_exit             00000000004022f4     ucrt:api-ms-win-crt-runtime-l1-1-0.dll
 0002:000002f8       __imp___cexit              00000000004022f8     ucrt:api-ms-win-crt-runtime-l1-1-0.dll
 0002:000002fc       __imp___configure_narrow_argv 00000000004022fc     ucrt:api-ms-win-crt-runtime-l1-1-0.dll
 0002:00000300       __imp___controlfp_s        0000000000402300     ucrt:api-ms-win-crt-runtime-l1-1-0.dll
 0002:00000304       __imp___crt_atexit         0000000000402304     ucrt:api-ms-win-crt-runtime-l1-1-0.dll
 0002:00000308       __imp___exit               0000000000402308     ucrt:api-ms-win-crt-runtime-l1-1-0.dll
 0002:0000030c       __imp___get_initial_narrow_environment 000000000040230c     ucrt:api-ms-win-crt-runtime-l1-1-0.dll
 0002:00000310       __imp___initialize_narrow_environment 0000000000402310     ucrt:api-ms-win-crt-runtime-l1-1-0.dll
 0002:00000314       __imp___initialize_onexit_table 0000000000402314     ucrt:api-ms-win-crt-runtime-l1-1-0.dll
 0002:00000318       __imp___initterm           0000000000402318     ucrt:api-ms-win-crt-runtime-l1-1-0.dll
 0002:0000031c       __imp___initterm_e         000000000040231c     ucrt:api-ms-win-crt-runtime-l1-1-0.dll
 0002:00000320       __imp___register_onexit_function 0000000000402320     ucrt:api-ms-win-crt-runtime-l1-1-0.dll
 0002:00000324       __imp___register_thread_local_exe_atexit_callback 0000000000402324     ucrt:api-ms-win-crt-runtime-l1-1-0.dll
 0002:00000328       __imp___seh_filter_exe     0000000000402328     ucrt:api-ms-win-crt-runtime-l1-1-0.dll
 0002:0000032c       __imp___set_app_type       000000000040232c     ucrt:api-ms-win-crt-runtime-l1-1-0.dll
 0002:00000330       __imp__exit                0000000000402330     ucrt:api-ms-win-crt-runtime-l1-1-0.dll
 0002:00000334       __imp__terminate           0000000000402334     ucrt:api-ms-win-crt-runtime-l1-1-0.dll
 0002:0000033c       __imp____acrt_iob_func     000000000040233c     ucrt:api-ms-win-crt-stdio-l1-1-0.dll
 0002:00000340       __imp____p__commode        0000000000402340     ucrt:api-ms-win-crt-stdio-l1-1-0.dll
 0002:00000344       __imp____stdio_common_vfprintf 0000000000402344     ucrt:api-ms-win-crt-stdio-l1-1-0.dll
 0002:00000348       __imp___set_fmode          0000000000402348     ucrt:api-ms-win-crt-stdio-l1-1-0.dll
 0002:00000350       __imp____setusermatherr    0000000000402350     ucrt:api-ms-win-crt-math-l1-1-0.dll
 0002:00000358       __imp___configthreadlocale 0000000000402358     ucrt:api-ms-win-crt-locale-l1-1-0.dll
 0002:00000360       __imp___set_new_mode       0000000000402360     ucrt:api-ms-win-crt-heap-l1-1-0.dll
 0002:0000078c       ___rtc_iaa                 000000000040278c     msvcrt:initsect.obj
 0002:00000790       ___rtc_izz                 0000000000402790     msvcrt:initsect.obj
 0002:00000794       ___rtc_taa                 0000000000402794     msvcrt:initsect.obj
 0002:00000798       ___rtc_tzz                 0000000000402798     msvcrt:initsect.obj
 0003:00000000       ___scrt_native_dllmain_reason 0000000000403000     msvcrt:utility.obj
 0003:00000004       ___scrt_default_matherr    0000000000403004     msvcrt:matherr.obj
 0003:00000010       ___security_cookie         0000000000403010     msvcrt:gs_cookie.obj
 0003:00000014       ___security_cookie_complement 0000000000403014     msvcrt:gs_cookie.obj
 0003:00000018       ___isa_enabled             0000000000403018     msvcrt:cpu_disp.obj
 0003:0000001c       ___scrt_ucrt_dll_is_in_use 000000000040301c     msvcrt:ucrt_stubs.obj
 0003:00000020       ?_OptionsStorage@?1??__local_stdio_printf_options@@9@4_KA 0000000000403020     Source.obj
 0003:00000028       ___scrt_current_native_startup_state 0000000000403028     msvcrt:utility.obj
 0003:0000002c       ___scrt_native_startup_lock 000000000040302c     msvcrt:utility.obj
 0003:00000050       ?__type_info_root_node@@3U__type_info_node@@A 0000000000403050     msvcrt:tncleanup.obj
 0003:00000058       ?_OptionsStorage@?1??__local_stdio_scanf_options@@9@4_KA 0000000000403058     msvcrt:default_local_stdio_options.obj
 0000:00000000       ___dyn_tls_init_callback   0000000000403064     <common>
 0000:00000000       ___dyn_tls_dtor_callback   0000000000403068     <common>
 0003:0000006c       ___scrt_debugger_hook_flag 000000000040306c     msvcrt:utility_desktop.obj
 0003:00000070       ___isa_available           0000000000403070     msvcrt:cpu_disp.obj
 0003:00000074       ___favor                   0000000000403074     msvcrt:cpu_disp.obj
 0004:00000000       ___guard_check_icall_fptr  0000000000404000     odbccp32:guard_support.obj
 0004:00000004       ___castguard_check_failure_os_handled_fptr 0000000000404004     odbccp32:guard_support.obj

 entry point at         0001:00000316

 Static symbols

 0000:00000000       __guard_fids__             0000000000400000     msvcrt:exe_main.obj
 0000:00000000       __guard_fids_?pre_c_initialization@@YAHXZ 0000000000400000     msvcrt:exe_main.obj
 0000:00000000       __guard_fids____scrt_set_unhandled_exception_filter 0000000000400000     msvcrt:utility_desktop.obj
 0000:00000000       __guard_fids___except_handler4 0000000000400000     msvcrt:chandler4gs.obj
 0000:00000000       __guard_fids__             0000000000400000     odbccp32:guard_support.obj
 0000:00000004       __guard_fids__             0000000000400004     msvcrt:exe_main.obj
 0000:00000008       __guard_fids__             0000000000400008     msvcrt:exe_main.obj
 0001:000000cf       ?pre_c_initialization@@YAHXZ 00000000004010cf f   msvcrt:exe_main.obj
 0001:0000017a       ?post_pgo_initialization@@YAHXZ 000000000040117a f   msvcrt:exe_main.obj
 0001:00000182       ?pre_cpp_initialization@@YAXXZ 0000000000401182 f   msvcrt:exe_main.obj
 0001:00000194       ?__scrt_common_main_seh@@YAHXZ 0000000000401194 f   msvcrt:exe_main.obj
 0001:0000052d       ?find_pe_section@@YAPAU_IMAGE_SECTION_HEADER@@QAEI@Z 000000000040152d f   msvcrt:utility.obj
 0001:000005bc       ___get_entropy             00000000004015bc f   msvcrt:gs_support.obj
 0001:000008b0       $$000000                   00000000004018b0     msvcrt:sehprolg4.obj
 0002:000000c0       _GS_ExceptionPointers      00000000004020c0     msvcrt:gs_report.obj
 0002:00000118       ?pre_cpp_initializer@@3P6AXXZA 0000000000402118     msvcrt:exe_main.obj
 0002:00000124       ?pre_c_initializer@@3P6AHXZA 0000000000402124     msvcrt:exe_main.obj
 0002:00000128       ?post_pgo_initializer@@3P6AHXZA 0000000000402128     msvcrt:exe_main.obj
 0002:000007a0       __sehtable$?__scrt_common_main_seh@@YAHXZ 00000000004027a0     msvcrt:exe_main.obj
 0002:000007c0       __sehtable$___scrt_is_nonwritable_in_current_image 00000000004027c0     msvcrt:utility.obj
 0003:00000030       ?is_initialized_as_dll@@3_NA 0000000000403030     msvcrt:utility.obj
 0003:00000031       ?module_local_atexit_table_initialized@@3_NA 0000000000403031     msvcrt:utility.obj
 0003:00000034       ?module_local_atexit_table@@3U_onexit_table_t@@A 0000000000403034     msvcrt:utility.obj
 0003:00000040       ?module_local_at_quick_exit_table@@3U_onexit_table_t@@A 0000000000403040     msvcrt:utility.obj
 0003:00000080       _GS_ExceptionRecord        0000000000403080     msvcrt:gs_report.obj
 0003:000000d0       _GS_ContextRecord          00000000004030d0     msvcrt:gs_report.obj
 0005:00000060       $R000000                   0000000000405060     internal .obj file created from .res files
