 Project12

 Timestamp is 63c160db (Fri Jan 13 21:47:07 2023)

 Preferred load address is 0000000140000000

 Start         Length     Name                   Class
 0001:00000000 00000114H .text                   CODE
 0001:00000114 00000a3cH .text$mn                CODE
 0001:00000b50 00000036H .text$mn$00             CODE
 0001:00000b86 00000036H .text$x                 CODE
 0002:00000000 00000150H .rdata                  DATA
 0002:00000198 00000008H .CRT$XCA                DATA
 0002:000001a0 00000008H .CRT$XCAA               DATA
 0002:000001a8 00000008H .CRT$XCZ                DATA
 0002:000001b0 00000008H .CRT$XIA                DATA
 0002:000001b8 00000008H .CRT$XIAA               DATA
 0002:000001c0 00000008H .CRT$XIAC               DATA
 0002:000001c8 00000008H .CRT$XIZ                DATA
 0002:000001d0 00000008H .CRT$XPA                DATA
 0002:000001d8 00000008H .CRT$XPZ                DATA
 0002:000001e0 00000008H .CRT$XTA                DATA
 0002:000001e8 00000008H .CRT$XTZ                DATA
 0002:000009e8 00000008H .rtc$IAA                DATA
 0002:000009f0 00000008H .rtc$IZZ                DATA
 0002:000009f8 00000008H .rtc$TAA                DATA
 0002:00000a00 00000008H .rtc$TZZ                DATA
 0002:00000a08 000000ecH .xdata                  DATA
 0003:00000000 00000034H .data                   DATA
 0003:00000034 00000094H .bss                    DATA
 0004:00000000 0000015cH .pdata                  DATA
 0005:00000000 00000038H .00cfg                  DATA
 0006:00000000 0000008cH .retplne                DATA
 0007:00000000 00000058H .rsrc$01                DATA
 0007:00000060 00000178H .rsrc$02                DATA

  Address         Publics by Value              Rva+Base               Lib:Object

 0000:00000000       __AbsoluteZero             0000000000000000     <absolute>
 0000:00000000       __guard_fids_table         0000000000000000     <absolute>
 0000:00000000       __guard_fids_count         0000000000000000     <absolute>
 0000:00000000       __guard_flags              0000000000000000     <absolute>
 0000:00000000       __guard_iat_table          0000000000000000     <absolute>
 0000:00000000       __guard_iat_count          0000000000000000     <absolute>
 0000:00000000       __guard_longjmp_table      0000000000000000     <absolute>
 0000:00000000       __guard_longjmp_count      0000000000000000     <absolute>
 0000:00000000       __enclave_config           0000000000000000     <absolute>
 0000:00000000       __guard_eh_cont_table      0000000000000000     <absolute>
 0000:00000000       __guard_eh_cont_count      0000000000000000     <absolute>
 0000:00000000       __AbsoluteZero             0000000000000000     <absolute>
 0000:00000002       @vol.md                    0000000000000002     <absolute>
 0000:00000002       @vol.md                    0000000000000002     <absolute>
 0000:00000002       @vol.md                    0000000000000002     <absolute>
 0000:00000002       @vol.md                    0000000000000002     <absolute>
 0000:00000002       @vol.md                    0000000000000002     <absolute>
 0000:00000002       @vol.md                    0000000000000002     <absolute>
 0000:00000002       @vol.md                    0000000000000002     <absolute>
 0000:00000002       @vol.md                    0000000000000002     <absolute>
 0000:00000002       @vol.md                    0000000000000002     <absolute>
 0000:00000002       @vol.md                    0000000000000002     <absolute>
 0000:00000002       @vol.md                    0000000000000002     <absolute>
 0000:00000002       @vol.md                    0000000000000002     <absolute>
 0000:00000002       @vol.md                    0000000000000002     <absolute>
 0000:00000002       @vol.md                    0000000000000002     <absolute>
 0000:00000002       @vol.md                    0000000000000002     <absolute>
 0000:00000002       @vol.md                    0000000000000002     <absolute>
 0000:00000002       @vol.md                    0000000000000002     <absolute>
 0000:00000002       @vol.md                    0000000000000002     <absolute>
 0000:00000002       @vol.md                    0000000000000002     <absolute>
 0000:00000002       @vol.md                    0000000000000002     <absolute>
 0000:00000002       @vol.md                    0000000000000002     <absolute>
 0000:00000002       @vol.md                    0000000000000002     <absolute>
 0000:00000002       @vol.md                    0000000000000002     <absolute>
 0000:00000002       @vol.md                    0000000000000002     <absolute>
 0000:00000002       @vol.md                    0000000000000002     <absolute>
 0000:00000002       @vol.md                    0000000000000002     <absolute>
 0000:00000000       __ImageBase                0000000140000000     <linker-defined>
 0001:00000000       ?add@@YAHHH@Z              0000000140001000 f   Source.obj
 0001:00000050       ?empty@@YAXXZ              0000000140001050 f   Source.obj
 0001:00000060       main                       0000000140001060 f   Source.obj
 0001:000000a0       printf                     00000001400010a0 f   Source.obj
 0001:00000100       __local_stdio_printf_options 0000000140001100 f   Source.obj
 0001:00000374       mainCRTStartup             0000000140001374 f   msvcrt:exe_main.obj
 0001:00000388       atexit                     0000000140001388 f   msvcrt:utility.obj
 0001:000003a0       _onexit                    00000001400013a0 f   msvcrt:utility.obj
 0001:000003dc       __scrt_is_nonwritable_in_current_image 00000001400013dc f   msvcrt:utility.obj
 0001:00000474       __scrt_acquire_startup_lock 0000000140001474 f   msvcrt:utility.obj
 0001:000004b0       __scrt_release_startup_lock 00000001400014b0 f   msvcrt:utility.obj
 0001:000004d4       __scrt_initialize_crt      00000001400014d4 f   msvcrt:utility.obj
 0001:00000520       __scrt_uninitialize_crt    0000000140001520 f   msvcrt:utility.obj
 0001:0000054c       __scrt_initialize_onexit_tables 000000014000154c f   msvcrt:utility.obj
 0001:000005d8       __security_init_cookie     00000001400015d8 f   msvcrt:gs_support.obj
 0001:00000684       _matherr                   0000000140001684 f   msvcrt:matherr.obj
 0001:00000684       _get_startup_commit_mode   0000000140001684 f   msvcrt:commit_mode.obj
 0001:00000684       _get_startup_new_mode      0000000140001684 f   msvcrt:new_mode.obj
 0001:00000684       _get_startup_thread_locale_mode 0000000140001684 f   msvcrt:thread_locale.obj
 0001:00000684       __scrt_initialize_winrt    0000000140001684 f   msvcrt:utility_desktop.obj
 0001:00000684       __scrt_stub_for_initialize_mta 0000000140001684 f   msvcrt:utility_desktop.obj
 0001:00000684       __scrt_stub_for_initialize_mta 0000000140001684 f   msvcrt:utility_desktop.obj
 0001:00000688       _get_startup_argv_mode     0000000140001688 f   msvcrt:argv_mode.obj
 0001:00000690       _get_startup_file_mode     0000000140001690 f   msvcrt:file_mode.obj
 0001:00000698       ?__scrt_initialize_type_info@@YAXXZ 0000000140001698 f   msvcrt:tncleanup.obj
 0001:000006a8       _should_initialize_environment 00000001400016a8 f   msvcrt:env_mode.obj
 0001:000006a8       __scrt_stub_for_acrt_initialize 00000001400016a8 f   msvcrt:ucrt_stubs.obj
 0001:000006a8       __scrt_stub_for_acrt_uninitialize 00000001400016a8 f   msvcrt:ucrt_stubs.obj
 0001:000006a8       __scrt_stub_for_acrt_initialize 00000001400016a8 f   msvcrt:ucrt_stubs.obj
 0001:000006a8       __scrt_stub_for_acrt_uninitialize 00000001400016a8 f   msvcrt:ucrt_stubs.obj
 0001:000006a8       __scrt_stub_for_acrt_initialize 00000001400016a8 f   msvcrt:ucrt_stubs.obj
 0001:000006a8       __scrt_stub_for_acrt_uninitialize 00000001400016a8 f   msvcrt:ucrt_stubs.obj
 0001:000006ac       _initialize_invalid_parameter_handler 00000001400016ac f   msvcrt:invalid_parameter_handler.obj
 0001:000006ac       _initialize_denormal_control 00000001400016ac f   msvcrt:denormal_control.obj
 0001:000006b0       __scrt_initialize_default_local_stdio_options 00000001400016b0 f   msvcrt:default_local_stdio_options.obj
 0001:000006cc       __local_stdio_scanf_options 00000001400016cc f   msvcrt:default_local_stdio_options.obj
 0001:000006d4       __scrt_is_user_matherr_present 00000001400016d4 f   msvcrt:matherr_detection.obj
 0001:000006e0       __scrt_get_dyn_tls_init_callback 00000001400016e0 f   msvcrt:dyn_tls_init.obj
 0001:000006e8       __scrt_get_dyn_tls_dtor_callback 00000001400016e8 f   msvcrt:dyn_tls_dtor.obj
 0001:000006f0       __crt_debugger_hook        00000001400016f0 f   msvcrt:utility_desktop.obj
 0001:000006f8       __scrt_is_managed_app      00000001400016f8 f   msvcrt:utility_desktop.obj
 0001:0000074c       __scrt_initialize_mta      000000014000174c f   msvcrt:utility_desktop.obj
 0001:00000754       __scrt_set_unhandled_exception_filter 0000000140001754 f   msvcrt:utility_desktop.obj
 0001:00000764       __scrt_fastfail            0000000140001764 f   msvcrt:utility_desktop.obj
 0001:000008b0       __scrt_unhandled_exception_filter 00000001400018b0 f   msvcrt:utility_desktop.obj
 0001:0000090c       _RTC_Initialize            000000014000190c f   msvcrt:initsect.obj
 0001:00000948       _RTC_Terminate             0000000140001948 f   msvcrt:initsect.obj
 0001:00000984       __isa_available_init       0000000140001984 f   msvcrt:cpu_disp.obj
 0001:00000b30       __scrt_is_ucrt_dll_in_use  0000000140001b30 f   msvcrt:ucrt_detection.obj
 0001:00000b40       _guard_check_icall_nop     0000000140001b40 f   odbccp32:guard_check.obj
 0001:00000b60       _guard_dispatch_icall_nop  0000000140001b60 f   odbccp32:guard_dispatch.obj
 0001:00000b80       _guard_xfg_dispatch_icall_nop 0000000140001b80 f   odbccp32:guard_xfg_dispatch.obj
 0001:00000bc0       __C_specific_handler       0000000140001bc0     vcruntime:VCRUNTIME140.dll
 0001:00000bd0       __current_exception        0000000140001bd0     vcruntime:VCRUNTIME140.dll
 0001:00000be0       __current_exception_context 0000000140001be0     vcruntime:VCRUNTIME140.dll
 0001:00000bf0       memset                     0000000140001bf0     vcruntime:VCRUNTIME140.dll
 0001:00000c00       __p___argc                 0000000140001c00     ucrt:api-ms-win-crt-runtime-l1-1-0.dll
 0001:00000c10       __p___argv                 0000000140001c10     ucrt:api-ms-win-crt-runtime-l1-1-0.dll
 0001:00000c20       __p__commode               0000000140001c20     ucrt:api-ms-win-crt-stdio-l1-1-0.dll
 0001:00000c30       __setusermatherr           0000000140001c30     ucrt:api-ms-win-crt-math-l1-1-0.dll
 0001:00000c40       _c_exit                    0000000140001c40     ucrt:api-ms-win-crt-runtime-l1-1-0.dll
 0001:00000c50       _cexit                     0000000140001c50     ucrt:api-ms-win-crt-runtime-l1-1-0.dll
 0001:00000c60       _configthreadlocale        0000000140001c60     ucrt:api-ms-win-crt-locale-l1-1-0.dll
 0001:00000c70       _configure_narrow_argv     0000000140001c70     ucrt:api-ms-win-crt-runtime-l1-1-0.dll
 0001:00000c80       _crt_atexit                0000000140001c80     ucrt:api-ms-win-crt-runtime-l1-1-0.dll
 0001:00000c90       _exit                      0000000140001c90     ucrt:api-ms-win-crt-runtime-l1-1-0.dll
 0001:00000ca0       _get_initial_narrow_environment 0000000140001ca0     ucrt:api-ms-win-crt-runtime-l1-1-0.dll
 0001:00000cb0       _initialize_narrow_environment 0000000140001cb0     ucrt:api-ms-win-crt-runtime-l1-1-0.dll
 0001:00000cc0       _initialize_onexit_table   0000000140001cc0     ucrt:api-ms-win-crt-runtime-l1-1-0.dll
 0001:00000cd0       _initterm                  0000000140001cd0     ucrt:api-ms-win-crt-runtime-l1-1-0.dll
 0001:00000ce0       _initterm_e                0000000140001ce0     ucrt:api-ms-win-crt-runtime-l1-1-0.dll
 0001:00000cf0       _register_onexit_function  0000000140001cf0     ucrt:api-ms-win-crt-runtime-l1-1-0.dll
 0001:00000d00       _register_thread_local_exe_atexit_callback 0000000140001d00     ucrt:api-ms-win-crt-runtime-l1-1-0.dll
 0001:00000d10       _seh_filter_exe            0000000140001d10     ucrt:api-ms-win-crt-runtime-l1-1-0.dll
 0001:00000d20       _set_app_type              0000000140001d20     ucrt:api-ms-win-crt-runtime-l1-1-0.dll
 0001:00000d30       _set_fmode                 0000000140001d30     ucrt:api-ms-win-crt-stdio-l1-1-0.dll
 0001:00000d40       _set_new_mode              0000000140001d40     ucrt:api-ms-win-crt-heap-l1-1-0.dll
 0001:00000d50       exit                       0000000140001d50     ucrt:api-ms-win-crt-runtime-l1-1-0.dll
 0001:00000d60       terminate                  0000000140001d60     ucrt:api-ms-win-crt-runtime-l1-1-0.dll
 0001:00000d70       memcpy                     0000000140001d70     vcruntime:VCRUNTIME140.dll
 0002:00000000       _load_config_used          0000000140002000     msvcrt:loadcfg.obj
 0002:00000140       __xmm@ffffffffffffffffffffffffffffffff 0000000140002140     msvcrt:utility.obj
 0002:00000150       ??_C@_03PMGGPEJJ@?$CFd?6?$AA@ 0000000140002150     Source.obj
 0002:00000198       __xc_a                     0000000140002198     msvcrt:initializers.obj
 0002:000001a8       __xc_z                     00000001400021a8     msvcrt:initializers.obj
 0002:000001b0       __xi_a                     00000001400021b0     msvcrt:initializers.obj
 0002:000001c8       __xi_z                     00000001400021c8     msvcrt:initializers.obj
 0002:000001d0       __xp_a                     00000001400021d0     msvcrt:initializers.obj
 0002:000001d8       __xp_z                     00000001400021d8     msvcrt:initializers.obj
 0002:000001e0       __xt_a                     00000001400021e0     msvcrt:initializers.obj
 0002:000001e8       __xt_z                     00000001400021e8     msvcrt:initializers.obj
 0002:00000420       __imp_GetCurrentProcessId  0000000140002420     kernel32:KERNEL32.dll
 0002:00000428       __imp_GetCurrentThreadId   0000000140002428     kernel32:KERNEL32.dll
 0002:00000430       __imp_GetModuleHandleW     0000000140002430     kernel32:KERNEL32.dll
 0002:00000438       __imp_GetSystemTimeAsFileTime 0000000140002438     kernel32:KERNEL32.dll
 0002:00000440       __imp_InitializeSListHead  0000000140002440     kernel32:KERNEL32.dll
 0002:00000448       __imp_IsDebuggerPresent    0000000140002448     kernel32:KERNEL32.dll
 0002:00000450       __imp_IsProcessorFeaturePresent 0000000140002450     kernel32:KERNEL32.dll
 0002:00000458       __imp_QueryPerformanceCounter 0000000140002458     kernel32:KERNEL32.dll
 0002:00000460       __imp_RtlCaptureContext    0000000140002460     kernel32:KERNEL32.dll
 0002:00000468       __imp_RtlLookupFunctionEntry 0000000140002468     kernel32:KERNEL32.dll
 0002:00000470       __imp_RtlVirtualUnwind     0000000140002470     kernel32:KERNEL32.dll
 0002:00000478       __imp_SetUnhandledExceptionFilter 0000000140002478     kernel32:KERNEL32.dll
 0002:00000480       __imp_UnhandledExceptionFilter 0000000140002480     kernel32:KERNEL32.dll
 0002:00000490       __imp___C_specific_handler 0000000140002490     vcruntime:VCRUNTIME140.dll
 0002:00000498       __imp___current_exception  0000000140002498     vcruntime:VCRUNTIME140.dll
 0002:000004a0       __imp___current_exception_context 00000001400024a0     vcruntime:VCRUNTIME140.dll
 0002:000004a8       __imp_memcpy               00000001400024a8     vcruntime:VCRUNTIME140.dll
 0002:000004b0       __imp_memset               00000001400024b0     vcruntime:VCRUNTIME140.dll
 0002:000004c0       __imp___acrt_iob_func      00000001400024c0     ucrt:api-ms-win-crt-stdio-l1-1-0.dll
 0002:000004c8       __imp___p__commode         00000001400024c8     ucrt:api-ms-win-crt-stdio-l1-1-0.dll
 0002:000004d0       __imp___stdio_common_vfprintf 00000001400024d0     ucrt:api-ms-win-crt-stdio-l1-1-0.dll
 0002:000004d8       __imp__set_fmode           00000001400024d8     ucrt:api-ms-win-crt-stdio-l1-1-0.dll
 0002:000004e8       __imp___p___argc           00000001400024e8     ucrt:api-ms-win-crt-runtime-l1-1-0.dll
 0002:000004f0       __imp___p___argv           00000001400024f0     ucrt:api-ms-win-crt-runtime-l1-1-0.dll
 0002:000004f8       __imp__c_exit              00000001400024f8     ucrt:api-ms-win-crt-runtime-l1-1-0.dll
 0002:00000500       __imp__cexit               0000000140002500     ucrt:api-ms-win-crt-runtime-l1-1-0.dll
 0002:00000508       __imp__configure_narrow_argv 0000000140002508     ucrt:api-ms-win-crt-runtime-l1-1-0.dll
 0002:00000510       __imp__crt_atexit          0000000140002510     ucrt:api-ms-win-crt-runtime-l1-1-0.dll
 0002:00000518       __imp__exit                0000000140002518     ucrt:api-ms-win-crt-runtime-l1-1-0.dll
 0002:00000520       __imp__get_initial_narrow_environment 0000000140002520     ucrt:api-ms-win-crt-runtime-l1-1-0.dll
 0002:00000528       __imp__initialize_narrow_environment 0000000140002528     ucrt:api-ms-win-crt-runtime-l1-1-0.dll
 0002:00000530       __imp__initialize_onexit_table 0000000140002530     ucrt:api-ms-win-crt-runtime-l1-1-0.dll
 0002:00000538       __imp__initterm            0000000140002538     ucrt:api-ms-win-crt-runtime-l1-1-0.dll
 0002:00000540       __imp__initterm_e          0000000140002540     ucrt:api-ms-win-crt-runtime-l1-1-0.dll
 0002:00000548       __imp__register_onexit_function 0000000140002548     ucrt:api-ms-win-crt-runtime-l1-1-0.dll
 0002:00000550       __imp__register_thread_local_exe_atexit_callback 0000000140002550     ucrt:api-ms-win-crt-runtime-l1-1-0.dll
 0002:00000558       __imp__seh_filter_exe      0000000140002558     ucrt:api-ms-win-crt-runtime-l1-1-0.dll
 0002:00000560       __imp__set_app_type        0000000140002560     ucrt:api-ms-win-crt-runtime-l1-1-0.dll
 0002:00000568       __imp_exit                 0000000140002568     ucrt:api-ms-win-crt-runtime-l1-1-0.dll
 0002:00000570       __imp_terminate            0000000140002570     ucrt:api-ms-win-crt-runtime-l1-1-0.dll
 0002:00000580       __imp___setusermatherr     0000000140002580     ucrt:api-ms-win-crt-math-l1-1-0.dll
 0002:00000590       __imp__configthreadlocale  0000000140002590     ucrt:api-ms-win-crt-locale-l1-1-0.dll
 0002:000005a0       __imp__set_new_mode        00000001400025a0     ucrt:api-ms-win-crt-heap-l1-1-0.dll
 0002:000009e8       __rtc_iaa                  00000001400029e8     msvcrt:initsect.obj
 0002:000009f0       __rtc_izz                  00000001400029f0     msvcrt:initsect.obj
 0002:000009f8       __rtc_taa                  00000001400029f8     msvcrt:initsect.obj
 0002:00000a00       __rtc_tzz                  0000000140002a00     msvcrt:initsect.obj
 0003:00000000       __scrt_native_dllmain_reason 0000000140003000     msvcrt:utility.obj
 0003:00000004       __scrt_default_matherr     0000000140003004     msvcrt:matherr.obj
 0003:00000008       __security_cookie_complement 0000000140003008     msvcrt:gs_cookie.obj
 0003:00000010       __security_cookie          0000000140003010     msvcrt:gs_cookie.obj
 0003:00000018       __isa_available            0000000140003018     msvcrt:cpu_disp.obj
 0003:0000001c       __isa_enabled              000000014000301c     msvcrt:cpu_disp.obj
 0003:00000020       __memset_fast_string_threshold 0000000140003020     msvcrt:cpu_disp.obj
 0003:00000028       __memset_nt_threshold      0000000140003028     msvcrt:cpu_disp.obj
 0003:00000030       __scrt_ucrt_dll_is_in_use  0000000140003030     msvcrt:ucrt_stubs.obj
 0003:00000038       ?_OptionsStorage@?1??__local_stdio_printf_options@@9@4_KA 0000000140003038     Source.obj
 0003:00000040       __scrt_current_native_startup_state 0000000140003040     msvcrt:utility.obj
 0003:00000048       __scrt_native_startup_lock 0000000140003048     msvcrt:utility.obj
 0003:00000090       ?__type_info_root_node@@3U__type_info_node@@A 0000000140003090     msvcrt:tncleanup.obj
 0003:000000a0       ?_OptionsStorage@?1??__local_stdio_scanf_options@@9@4_KA 00000001400030a0     msvcrt:default_local_stdio_options.obj
 0000:00000000       __dyn_tls_init_callback    00000001400030b0     <common>
 0000:00000000       __dyn_tls_dtor_callback    00000001400030b8     <common>
 0003:000000c0       __scrt_debugger_hook_flag  00000001400030c0     msvcrt:utility_desktop.obj
 0003:000000c4       __favor                    00000001400030c4     msvcrt:cpu_disp.obj
 0005:00000000       __guard_check_icall_fptr   0000000140005000     odbccp32:guard_support.obj
 0005:00000008       __guard_dispatch_icall_fptr 0000000140005008     odbccp32:guard_support.obj
 0005:00000010       __guard_xfg_check_icall_fptr 0000000140005010     odbccp32:guard_support.obj
 0005:00000018       __guard_xfg_dispatch_icall_fptr 0000000140005018     odbccp32:guard_support.obj
 0005:00000020       __guard_xfg_table_dispatch_icall_fptr 0000000140005020     odbccp32:guard_support.obj
 0005:00000028       __castguard_check_failure_os_handled_fptr 0000000140005028     odbccp32:guard_support.obj
 0005:00000030       __guard_memcpy_fptr        0000000140005030     vcruntime:softmemtag.obj

 entry point at         0001:00000374

 Static symbols

 0000:00000000       __guard_fids__             0000000140000000     msvcrt:exe_main.obj
 0000:00000000       __guard_fids_?pre_c_initialization@@YAHXZ 0000000140000000     msvcrt:exe_main.obj
 0000:00000000       __guard_ehcont_?__scrt_common_main_seh@@YAHXZ 0000000140000000     msvcrt:exe_main.obj
 0000:00000000       __guard_ehcont___scrt_is_nonwritable_in_current_image 0000000140000000     msvcrt:utility.obj
 0000:00000000       __guard_fids___scrt_set_unhandled_exception_filter 0000000140000000     msvcrt:utility_desktop.obj
 0000:00000000       __guard_fids__             0000000140000000     odbccp32:guard_support.obj
 0000:00000000       __guard_fids__             0000000140000000     odbccp32:guard_support.obj
 0000:00000000       __guard_fids__             0000000140000000     vcruntime:softmemtag.obj
 0000:00000004       __guard_fids__             0000000140000004     msvcrt:exe_main.obj
 0000:00000008       __guard_fids__             0000000140000008     msvcrt:exe_main.obj
 0001:00000114       ?pre_c_initialization@@YAHXZ 0000000140001114 f   msvcrt:exe_main.obj
 0001:000001cc       ?post_pgo_initialization@@YAHXZ 00000001400011cc f   msvcrt:exe_main.obj
 0001:000001dc       ?pre_cpp_initialization@@YAXXZ 00000001400011dc f   msvcrt:exe_main.obj
 0001:000001f8       ?__scrt_common_main_seh@@YAHXZ 00000001400011f8 f   msvcrt:exe_main.obj
 0001:00000b50       $$000000                   0000000140001b50     odbccp32:guard_dispatch.obj
 0001:00000b70       $$000000                   0000000140001b70     odbccp32:guard_xfg_dispatch.obj
 0001:00000b86       ?filt$0@?0??__scrt_common_main_seh@@YAHXZ@4HA 0000000140001b86 f   msvcrt:exe_main.obj
 0001:00000ba4       __scrt_is_nonwritable_in_current_image$filt$0 0000000140001ba4 f   msvcrt:utility.obj
 0002:000001a0       ?pre_cpp_initializer@@3P6AXXZEA 00000001400021a0     msvcrt:exe_main.obj
 0002:000001b8       ?pre_c_initializer@@3P6AHXZEA 00000001400021b8     msvcrt:exe_main.obj
 0002:000001c0       ?post_pgo_initializer@@3P6AHXZEA 00000001400021c0     msvcrt:exe_main.obj
 0002:00000a38       $unwind$?pre_c_initialization@@YAHXZ 0000000140002a38     msvcrt:exe_main.obj
 0002:00000a38       $unwind$_onexit            0000000140002a38     msvcrt:utility.obj
 0002:00000a38       $unwind$__scrt_release_startup_lock 0000000140002a38     msvcrt:utility.obj
 0002:00000a38       $unwind$__scrt_initialize_crt 0000000140002a38     msvcrt:utility.obj
 0002:00000a38       $unwind$__scrt_uninitialize_crt 0000000140002a38     msvcrt:utility.obj
 0002:00000a38       $unwind$__scrt_initialize_onexit_tables 0000000140002a38     msvcrt:utility.obj
 0002:00000a40       $unwind$?post_pgo_initialization@@YAHXZ 0000000140002a40     msvcrt:exe_main.obj
 0002:00000a40       $unwind$?pre_cpp_initialization@@YAXXZ 0000000140002a40     msvcrt:exe_main.obj
 0002:00000a40       $unwind$mainCRTStartup     0000000140002a40     msvcrt:exe_main.obj
 0002:00000a40       $unwind$atexit             0000000140002a40     msvcrt:utility.obj
 0002:00000a40       $unwind$__scrt_acquire_startup_lock 0000000140002a40     msvcrt:utility.obj
 0002:00000a40       $unwind$__scrt_initialize_default_local_stdio_options 0000000140002a40     msvcrt:default_local_stdio_options.obj
 0002:00000a40       $unwind$__scrt_is_managed_app 0000000140002a40     msvcrt:utility_desktop.obj
 0002:00000a48       $unwind$?__scrt_common_main_seh@@YAHXZ 0000000140002a48     msvcrt:exe_main.obj
 0002:00000a80       $unwind$?filt$0@?0??__scrt_common_main_seh@@YAHXZ@4HA 0000000140002a80     msvcrt:exe_main.obj
 0002:00000a88       $unwind$__scrt_is_nonwritable_in_current_image 0000000140002a88     msvcrt:utility.obj
 0002:00000aa8       $unwind$__scrt_is_nonwritable_in_current_image$filt$0 0000000140002aa8     msvcrt:utility.obj
 0002:00000ab0       $unwind$__security_init_cookie 0000000140002ab0     msvcrt:gs_support.obj
 0002:00000abc       $unwind$__scrt_fastfail    0000000140002abc     msvcrt:utility_desktop.obj
 0002:00000acc       $unwind$__scrt_unhandled_exception_filter 0000000140002acc     msvcrt:utility_desktop.obj
 0002:00000acc       $unwind$_RTC_Initialize    0000000140002acc     msvcrt:initsect.obj
 0002:00000acc       $unwind$_RTC_Terminate     0000000140002acc     msvcrt:initsect.obj
 0002:00000ad8       $unwind$__isa_available_init 0000000140002ad8     msvcrt:cpu_disp.obj
 0002:00000ae8       $xdatasym                  0000000140002ae8     odbccp32:guard_dispatch.obj
 0002:00000af0       $xdatasym                  0000000140002af0     odbccp32:guard_xfg_dispatch.obj
 0003:00000050       ?is_initialized_as_dll@@3_NA 0000000140003050     msvcrt:utility.obj
 0003:00000051       ?module_local_atexit_table_initialized@@3_NA 0000000140003051     msvcrt:utility.obj
 0003:00000058       ?module_local_atexit_table@@3U_onexit_table_t@@A 0000000140003058     msvcrt:utility.obj
 0003:00000070       ?module_local_at_quick_exit_table@@3U_onexit_table_t@@A 0000000140003070     msvcrt:utility.obj
 0004:00000030       $pdata$?pre_c_initialization@@YAHXZ 0000000140004030     msvcrt:exe_main.obj
 0004:0000003c       $pdata$?post_pgo_initialization@@YAHXZ 000000014000403c     msvcrt:exe_main.obj
 0004:00000048       $pdata$?pre_cpp_initialization@@YAXXZ 0000000140004048     msvcrt:exe_main.obj
 0004:00000054       $pdata$?__scrt_common_main_seh@@YAHXZ 0000000140004054     msvcrt:exe_main.obj
 0004:00000060       $pdata$?filt$0@?0??__scrt_common_main_seh@@YAHXZ@4HA 0000000140004060     msvcrt:exe_main.obj
 0004:0000006c       $pdata$mainCRTStartup      000000014000406c     msvcrt:exe_main.obj
 0004:00000078       $pdata$atexit              0000000140004078     msvcrt:utility.obj
 0004:00000084       $pdata$_onexit             0000000140004084     msvcrt:utility.obj
 0004:00000090       $pdata$__scrt_is_nonwritable_in_current_image 0000000140004090     msvcrt:utility.obj
 0004:0000009c       $pdata$__scrt_is_nonwritable_in_current_image$filt$0 000000014000409c     msvcrt:utility.obj
 0004:000000a8       $pdata$__scrt_acquire_startup_lock 00000001400040a8     msvcrt:utility.obj
 0004:000000b4       $pdata$__scrt_release_startup_lock 00000001400040b4     msvcrt:utility.obj
 0004:000000c0       $pdata$__scrt_initialize_crt 00000001400040c0     msvcrt:utility.obj
 0004:000000cc       $pdata$__scrt_uninitialize_crt 00000001400040cc     msvcrt:utility.obj
 0004:000000d8       $pdata$__scrt_initialize_onexit_tables 00000001400040d8     msvcrt:utility.obj
 0004:000000e4       $pdata$__security_init_cookie 00000001400040e4     msvcrt:gs_support.obj
 0004:000000f0       $pdata$__scrt_initialize_default_local_stdio_options 00000001400040f0     msvcrt:default_local_stdio_options.obj
 0004:000000fc       $pdata$__scrt_is_managed_app 00000001400040fc     msvcrt:utility_desktop.obj
 0004:00000108       $pdata$__scrt_fastfail     0000000140004108     msvcrt:utility_desktop.obj
 0004:00000114       $pdata$__scrt_unhandled_exception_filter 0000000140004114     msvcrt:utility_desktop.obj
 0004:00000120       $pdata$_RTC_Initialize     0000000140004120     msvcrt:initsect.obj
 0004:0000012c       $pdata$_RTC_Terminate      000000014000412c     msvcrt:initsect.obj
 0004:00000138       $pdata$__isa_available_init 0000000140004138     msvcrt:cpu_disp.obj
 0007:00000060       $R000000                   0000000140007060     internal .obj file created from .res files
