 Project12

 Timestamp is 63b0179e (Sat Dec 31 19:06:06 2022)

 Preferred load address is 0000000140000000

 Start         Length     Name                   Class
 0001:00000000 00000d60H .text$mn                CODE
 0001:00000d60 00000036H .text$mn$00             CODE
 0001:00000d96 00000036H .text$x                 CODE
 0002:00000000 000001a0H .idata$5                DATA
 0002:000001a0 00000038H .00cfg                  DATA
 0002:000001d8 00000008H .CRT$XCA                DATA
 0002:000001e0 00000008H .CRT$XCAA               DATA
 0002:000001e8 00000008H .CRT$XCZ                DATA
 0002:000001f0 00000008H .CRT$XIA                DATA
 0002:000001f8 00000008H .CRT$XIAA               DATA
 0002:00000200 00000008H .CRT$XIAC               DATA
 0002:00000208 00000008H .CRT$XIZ                DATA
 0002:00000210 00000008H .CRT$XPA                DATA
 0002:00000218 00000008H .CRT$XPZ                DATA
 0002:00000220 00000008H .CRT$XTA                DATA
 0002:00000228 00000008H .CRT$XTZ                DATA
 0002:00000230 00000000H .gehcont$y              DATA
 0002:00000230 00000000H .gfids$y                DATA
 0002:00000230 00000250H .rdata                  DATA
 0002:00000480 00000000H .rdata$CastGuardVftablesA DATA
 0002:00000480 00000000H .rdata$CastGuardVftablesC DATA
 0002:00000480 00000054H .rdata$voltmd           DATA
 0002:000004d4 000002f4H .rdata$zzzdbg           DATA
 0002:000007c8 00000008H .rtc$IAA                DATA
 0002:000007d0 00000008H .rtc$IZZ                DATA
 0002:000007d8 00000008H .rtc$TAA                DATA
 0002:000007e0 00000008H .rtc$TZZ                DATA
 0002:000007e8 000000e4H .xdata                  DATA
 0002:000008cc 00000000H .edata                  DATA
 0002:000008cc 0000008cH .idata$2                DATA
 0002:00000958 00000018H .idata$3                DATA
 0002:00000970 000001a0H .idata$4                DATA
 0002:00000b10 00000460H .idata$6                DATA
 0003:00000000 00000040H .data                   DATA
 0003:00000040 000005f8H .bss                    DATA
 0004:00000000 00000174H .pdata                  DATA
 0005:00000000 00000060H .rsrc$01                DATA
 0005:00000060 00000180H .rsrc$02                DATA

  Address         Publics by Value              Rva+Base               Lib:Object

  0001:00000070       ?add@@YAHHH@Z              0000000140001070 f   Source.obj