 Project12

 Timestamp is 63b0179e (Sat Dec 31 19:06:06 2022)

 Preferred load address is 0000000140000000

 Start         Length     Name                   Class
 0001:00000000 00000d60H .text$mn                CODE
 0001:00000d60 00000036H .text$mn$00             CODE
 0001:00000d96 00000036H .text$x                 CODE
 0002:00000000 000001a0H .idata$5                DATA
 0002:000001a0 00000038H .00cfg                  DATA
 0002:000001d8 00000008H .CRT$XCA                DATA
 0002:000001e0 00000008H .CRT$XCAA               DATA
 0002:000001e8 00000008H .CRT$XCZ                DATA
 0002:000001f0 00000008H .CRT$XIA                DATA
 0002:000001f8 00000008H .CRT$XIAA               DATA
 0002:00000200 00000008H .CRT$XIAC               DATA
 0002:00000208 00000008H .CRT$XIZ                DATA
 0002:00000210 00000008H .CRT$XPA                DATA
 0002:00000218 00000008H .CRT$XPZ                DATA
 0002:00000220 00000008H .CRT$XTA                DATA
 0002:00000228 00000008H .CRT$XTZ                DATA
 0002:00000230 00000000H .gehcont$y              DATA
 0002:00000230 00000000H .gfids$y                DATA
 0002:00000230 00000250H .rdata                  DATA
 0002:00000480 00000000H .rdata$CastGuardVftablesA DATA
 0002:00000480 00000000H .rdata$CastGuardVftablesC DATA
 0002:00000480 00000054H .rdata$voltmd           DATA
 0002:000004d4 000002f4H .rdata$zzzdbg           DATA
 0002:000007c8 00000008H .rtc$IAA                DATA
 0002:000007d0 00000008H .rtc$IZZ                DATA
 0002:000007d8 00000008H .rtc$TAA                DATA
 0002:000007e0 00000008H .rtc$TZZ                DATA
 0002:000007e8 000000e4H .xdata                  DATA
 0002:000008cc 00000000H .edata                  DATA
 0002:000008cc 0000008cH .idata$2                DATA
 0002:00000958 00000018H .idata$3                DATA
 0002:00000970 000001a0H .idata$4                DATA
 0002:00000b10 00000460H .idata$6                DATA
 0003:00000000 00000040H .data                   DATA
 0003:00000040 000005f8H .bss                    DATA
 0004:00000000 00000174H .pdata                  DATA
 0005:00000000 00000060H .rsrc$01                DATA
 0005:00000060 00000180H .rsrc$02                DATA

  Address         Publics by Value              Rva+Base               Lib:Object

 0000:00000000       __AbsoluteZero             0000000000000000     <absolute>
 0000:00000000       ___safe_se_handler_count   0000000000000000     <absolute>
 0000:00000000       ___safe_se_handler_table   0000000000000000     <absolute>
 0000:00000000       __arm64x_extra_rfe_table   0000000000000000     <absolute>
 0000:00000000       __arm64x_extra_rfe_table_size 0000000000000000     <absolute>
 0000:00000000       __arm64x_native_entrypoint 0000000000000000     <absolute>
 0000:00000000       __arm64x_redirection_metadata 0000000000000000     <absolute>
 0000:00000000       __arm64x_redirection_metadata_count 0000000000000000     <absolute>
 0000:00000000       __dynamic_value_reloc_table 0000000000000000     <absolute>
 0000:00000000       __enclave_config           0000000000000000     <absolute>
 0000:00000000       __guard_check_icall_a64n_fptr 0000000000000000     <absolute>
 0000:00000000       __guard_eh_cont_count      0000000000000000     <absolute>
 0000:00000000       __guard_eh_cont_table      0000000000000000     <absolute>
 0000:00000000       __guard_fids_count         0000000000000000     <absolute>
 0000:00000000       __guard_fids_table         0000000000000000     <absolute>
 0000:00000000       __guard_iat_count          0000000000000000     <absolute>
 0000:00000000       __guard_iat_table          0000000000000000     <absolute>
 0000:00000000       __guard_longjmp_count      0000000000000000     <absolute>
 0000:00000000       __guard_longjmp_table      0000000000000000     <absolute>
 0000:00000000       __hybrid_auxiliary_iat     0000000000000000     <absolute>
 0000:00000000       __hybrid_auxiliary_iat_copy 0000000000000000     <absolute>
 0000:00000000       __hybrid_code_map          0000000000000000     <absolute>
 0000:00000000       __hybrid_code_map_count    0000000000000000     <absolute>
 0000:00000000       __x64_code_ranges_to_entry_points 0000000000000000     <absolute>
 0000:00000000       __x64_code_ranges_to_entry_points_count 0000000000000000     <absolute>
 0000:00000100       __guard_flags              0000000000000100     <absolute>
 0000:00000000       __ImageBase                0000000140000000     <linker-defined>
 0001:00000000       __local_stdio_printf_options 0000000140001000 f i Source.obj
 0001:00000010       printf                     0000000140001010 f i Source.obj
 0001:00000070       ?add@@YAHHH@Z              0000000140001070 f   Source.obj
 0001:000000a0       main                       00000001400010a0 f   Source.obj
 0001:000000e0       __security_check_cookie    00000001400010e0 f   MSVCRT:amdsecgs.obj
 0001:00000360       mainCRTStartup             0000000140001360 f   MSVCRT:exe_main.obj
 0001:00000374       __raise_securityfailure    0000000140001374 f   MSVCRT:gs_report.obj
 0001:000003a8       __report_gsfailure         00000001400013a8 f   MSVCRT:gs_report.obj
 0001:000004f0       __scrt_acquire_startup_lock 00000001400014f0 f   MSVCRT:utility.obj
 0001:0000052c       __scrt_initialize_crt      000000014000152c f   MSVCRT:utility.obj
 0001:00000578       __scrt_initialize_onexit_tables 0000000140001578 f   MSVCRT:utility.obj
 0001:00000604       __scrt_is_nonwritable_in_current_image 0000000140001604 f   MSVCRT:utility.obj
 0001:0000069c       __scrt_release_startup_lock 000000014000169c f   MSVCRT:utility.obj
 0001:000006c0       __scrt_uninitialize_crt    00000001400016c0 f   MSVCRT:utility.obj
 0001:000006ec       _onexit                    00000001400016ec f   MSVCRT:utility.obj
 0001:00000728       atexit                     0000000140001728 f   MSVCRT:utility.obj
 0001:00000740       __security_init_cookie     0000000140001740 f   MSVCRT:gs_support.obj
 0001:000007ec       __scrt_exe_initialize_mta  00000001400017ec f   MSVCRT:utility_desktop.obj
 0001:000007ec       __scrt_initialize_winrt    00000001400017ec f   MSVCRT:utility_desktop.obj
 0001:000007ec       __scrt_stub_for_initialize_mta 00000001400017ec f   MSVCRT:utility_desktop.obj
 0001:000007ec       _get_startup_commit_mode   00000001400017ec f   MSVCRT:commit_mode.obj
 0001:000007ec       _get_startup_new_mode      00000001400017ec f   MSVCRT:new_mode.obj
 0001:000007ec       _get_startup_thread_locale_mode 00000001400017ec f   MSVCRT:thread_locale.obj
 0001:000007ec       _matherr                   00000001400017ec f   MSVCRT:matherr.obj
 0001:000007f0       _get_startup_argv_mode     00000001400017f0 f   MSVCRT:argv_mode.obj
 0001:000007f8       _get_startup_file_mode     00000001400017f8 f   MSVCRT:file_mode.obj
 0001:00000800       ?__scrt_initialize_type_info@@YAXXZ 0000000140001800 f   MSVCRT:tncleanup.obj
 0001:00000810       __acrt_initialize          0000000140001810 f   MSVCRT:ucrt_stubs.obj
 0001:00000810       __acrt_uninitialize        0000000140001810 f   MSVCRT:ucrt_stubs.obj
 0001:00000810       __scrt_stub_for_acrt_initialize 0000000140001810 f   MSVCRT:ucrt_stubs.obj
 0001:00000810       __scrt_stub_for_acrt_uninitialize 0000000140001810 f   MSVCRT:ucrt_stubs.obj
 0001:00000810       __vcrt_initialize          0000000140001810 f   MSVCRT:ucrt_stubs.obj
 0001:00000810       __vcrt_uninitialize        0000000140001810 f   MSVCRT:ucrt_stubs.obj
 0001:00000810       _should_initialize_environment 0000000140001810 f   MSVCRT:env_mode.obj
 0001:00000814       _guard_check_icall_nop     0000000140001814 f   MSVCRT:guard_support.obj
 0001:00000814       _initialize_denormal_control 0000000140001814 f   MSVCRT:denormal_control.obj
 0001:00000814       _initialize_invalid_parameter_handler 0000000140001814 f   MSVCRT:invalid_parameter_handler.obj
 0001:00000818       __local_stdio_scanf_options 0000000140001818 f i MSVCRT:default_local_stdio_options.obj
 0001:00000820       __scrt_initialize_default_local_stdio_options 0000000140001820 f   MSVCRT:default_local_stdio_options.obj
 0001:0000083c       __scrt_is_user_matherr_present 000000014000183c f   MSVCRT:matherr_detection.obj
 0001:00000848       __scrt_get_dyn_tls_init_callback 0000000140001848 f   MSVCRT:dyn_tls_init.obj
 0001:00000850       __scrt_get_dyn_tls_dtor_callback 0000000140001850 f   MSVCRT:dyn_tls_dtor.obj
 0001:00000858       __crt_debugger_hook        0000000140001858 f   MSVCRT:utility_desktop.obj
 0001:00000860       __scrt_fastfail            0000000140001860 f   MSVCRT:utility_desktop.obj
 0001:000009ac       __scrt_initialize_mta      00000001400019ac f   MSVCRT:utility_desktop.obj
 0001:000009b4       __scrt_is_managed_app      00000001400019b4 f   MSVCRT:utility_desktop.obj
 0001:00000a08       __scrt_set_unhandled_exception_filter 0000000140001a08 f   MSVCRT:utility_desktop.obj
 0001:00000a18       __scrt_unhandled_exception_filter 0000000140001a18 f   MSVCRT:utility_desktop.obj
 0001:00000a74       _RTC_Initialize            0000000140001a74 f   MSVCRT:initsect.obj
 0001:00000ab0       _RTC_Terminate             0000000140001ab0 f   MSVCRT:initsect.obj
 0001:00000aec       __isa_available_init       0000000140001aec f   MSVCRT:cpu_disp.obj
 0001:00000c98       __scrt_is_ucrt_dll_in_use  0000000140001c98 f   MSVCRT:ucrt_detection.obj
 0001:00000cb0       __C_specific_handler       0000000140001cb0 f   vcruntime:VCRUNTIME140.dll
 0001:00000cb6       __current_exception        0000000140001cb6 f   vcruntime:VCRUNTIME140.dll
 0001:00000cbc       __current_exception_context 0000000140001cbc f   vcruntime:VCRUNTIME140.dll
 0001:00000cc2       memset                     0000000140001cc2 f   vcruntime:VCRUNTIME140.dll
 0001:00000cc8       _seh_filter_exe            0000000140001cc8 f   ucrt:api-ms-win-crt-runtime-l1-1-0.dll
 0001:00000cce       _set_app_type              0000000140001cce f   ucrt:api-ms-win-crt-runtime-l1-1-0.dll
 0001:00000cd4       __setusermatherr           0000000140001cd4 f   ucrt:api-ms-win-crt-math-l1-1-0.dll
 0001:00000cda       _configure_narrow_argv     0000000140001cda f   ucrt:api-ms-win-crt-runtime-l1-1-0.dll
 0001:00000ce0       _initialize_narrow_environment 0000000140001ce0 f   ucrt:api-ms-win-crt-runtime-l1-1-0.dll
 0001:00000ce6       _get_initial_narrow_environment 0000000140001ce6 f   ucrt:api-ms-win-crt-runtime-l1-1-0.dll
 0001:00000cec       _initterm                  0000000140001cec f   ucrt:api-ms-win-crt-runtime-l1-1-0.dll
 0001:00000cf2       _initterm_e                0000000140001cf2 f   ucrt:api-ms-win-crt-runtime-l1-1-0.dll
 0001:00000cf8       exit                       0000000140001cf8 f   ucrt:api-ms-win-crt-runtime-l1-1-0.dll
 0001:00000cfe       _exit                      0000000140001cfe f   ucrt:api-ms-win-crt-runtime-l1-1-0.dll
 0001:00000d04       _set_fmode                 0000000140001d04 f   ucrt:api-ms-win-crt-stdio-l1-1-0.dll
 0001:00000d0a       __p___argc                 0000000140001d0a f   ucrt:api-ms-win-crt-runtime-l1-1-0.dll
 0001:00000d10       __p___argv                 0000000140001d10 f   ucrt:api-ms-win-crt-runtime-l1-1-0.dll
 0001:00000d16       _cexit                     0000000140001d16 f   ucrt:api-ms-win-crt-runtime-l1-1-0.dll
 0001:00000d1c       _c_exit                    0000000140001d1c f   ucrt:api-ms-win-crt-runtime-l1-1-0.dll
 0001:00000d22       _register_thread_local_exe_atexit_callback 0000000140001d22 f   ucrt:api-ms-win-crt-runtime-l1-1-0.dll
 0001:00000d28       _configthreadlocale        0000000140001d28 f   ucrt:api-ms-win-crt-locale-l1-1-0.dll
 0001:00000d2e       _set_new_mode              0000000140001d2e f   ucrt:api-ms-win-crt-heap-l1-1-0.dll
 0001:00000d34       __p__commode               0000000140001d34 f   ucrt:api-ms-win-crt-stdio-l1-1-0.dll
 0001:00000d3a       _initialize_onexit_table   0000000140001d3a f   ucrt:api-ms-win-crt-runtime-l1-1-0.dll
 0001:00000d40       _register_onexit_function  0000000140001d40 f   ucrt:api-ms-win-crt-runtime-l1-1-0.dll
 0001:00000d46       _crt_atexit                0000000140001d46 f   ucrt:api-ms-win-crt-runtime-l1-1-0.dll
 0001:00000d4c       terminate                  0000000140001d4c f   ucrt:api-ms-win-crt-runtime-l1-1-0.dll
 0001:00000d52       memcpy                     0000000140001d52 f   vcruntime:VCRUNTIME140.dll
 0001:00000d70       _guard_dispatch_icall_nop  0000000140001d70 f   MSVCRT:guard_dispatch.obj
 0001:00000d90       _guard_xfg_dispatch_icall_nop 0000000140001d90 f   MSVCRT:guard_xfg_dispatch.obj
 0002:00000000       __imp_GetCurrentThreadId   0000000140002000     kernel32:KERNEL32.dll
 0002:00000008       __imp_RtlLookupFunctionEntry 0000000140002008     kernel32:KERNEL32.dll
 0002:00000010       __imp_RtlVirtualUnwind     0000000140002010     kernel32:KERNEL32.dll
 0002:00000018       __imp_UnhandledExceptionFilter 0000000140002018     kernel32:KERNEL32.dll
 0002:00000020       __imp_SetUnhandledExceptionFilter 0000000140002020     kernel32:KERNEL32.dll
 0002:00000028       __imp_GetCurrentProcess    0000000140002028     kernel32:KERNEL32.dll
 0002:00000030       __imp_GetModuleHandleW     0000000140002030     kernel32:KERNEL32.dll
 0002:00000038       __imp_IsDebuggerPresent    0000000140002038     kernel32:KERNEL32.dll
 0002:00000040       __imp_InitializeSListHead  0000000140002040     kernel32:KERNEL32.dll
 0002:00000048       __imp_GetSystemTimeAsFileTime 0000000140002048     kernel32:KERNEL32.dll
 0002:00000050       __imp_RtlCaptureContext    0000000140002050     kernel32:KERNEL32.dll
 0002:00000058       __imp_GetCurrentProcessId  0000000140002058     kernel32:KERNEL32.dll
 0002:00000060       __imp_QueryPerformanceCounter 0000000140002060     kernel32:KERNEL32.dll
 0002:00000068       __imp_IsProcessorFeaturePresent 0000000140002068     kernel32:KERNEL32.dll
 0002:00000070       __imp_TerminateProcess     0000000140002070     kernel32:KERNEL32.dll
 0002:00000078       \177KERNEL32_NULL_THUNK_DATA 0000000140002078     kernel32:KERNEL32.dll
 0002:00000080       __imp___current_exception_context 0000000140002080     vcruntime:VCRUNTIME140.dll
 0002:00000088       __imp___current_exception  0000000140002088     vcruntime:VCRUNTIME140.dll
 0002:00000090       __imp___C_specific_handler 0000000140002090     vcruntime:VCRUNTIME140.dll
 0002:00000098       __imp_memset               0000000140002098     vcruntime:VCRUNTIME140.dll
 0002:000000a0       __imp_memcpy               00000001400020a0     vcruntime:VCRUNTIME140.dll
 0002:000000a8       \177VCRUNTIME140_NULL_THUNK_DATA 00000001400020a8     vcruntime:VCRUNTIME140.dll
 0002:000000b0       __imp__set_new_mode        00000001400020b0     ucrt:api-ms-win-crt-heap-l1-1-0.dll
 0002:000000b8       \177api-ms-win-crt-heap-l1-1-0_NULL_THUNK_DATA 00000001400020b8     ucrt:api-ms-win-crt-heap-l1-1-0.dll
 0002:000000c0       __imp__configthreadlocale  00000001400020c0     ucrt:api-ms-win-crt-locale-l1-1-0.dll
 0002:000000c8       \177api-ms-win-crt-locale-l1-1-0_NULL_THUNK_DATA 00000001400020c8     ucrt:api-ms-win-crt-locale-l1-1-0.dll
 0002:000000d0       __imp___setusermatherr     00000001400020d0     ucrt:api-ms-win-crt-math-l1-1-0.dll
 0002:000000d8       \177api-ms-win-crt-math-l1-1-0_NULL_THUNK_DATA 00000001400020d8     ucrt:api-ms-win-crt-math-l1-1-0.dll
 0002:000000e0       __imp__c_exit              00000001400020e0     ucrt:api-ms-win-crt-runtime-l1-1-0.dll
 0002:000000e8       __imp_terminate            00000001400020e8     ucrt:api-ms-win-crt-runtime-l1-1-0.dll
 0002:000000f0       __imp__seh_filter_exe      00000001400020f0     ucrt:api-ms-win-crt-runtime-l1-1-0.dll
 0002:000000f8       __imp__set_app_type        00000001400020f8     ucrt:api-ms-win-crt-runtime-l1-1-0.dll
 0002:00000100       __imp__register_onexit_function 0000000140002100     ucrt:api-ms-win-crt-runtime-l1-1-0.dll
 0002:00000108       __imp__crt_atexit          0000000140002108     ucrt:api-ms-win-crt-runtime-l1-1-0.dll
 0002:00000110       __imp__cexit               0000000140002110     ucrt:api-ms-win-crt-runtime-l1-1-0.dll
 0002:00000118       __imp___p___argv           0000000140002118     ucrt:api-ms-win-crt-runtime-l1-1-0.dll
 0002:00000120       __imp___p___argc           0000000140002120     ucrt:api-ms-win-crt-runtime-l1-1-0.dll
 0002:00000128       __imp__register_thread_local_exe_atexit_callback 0000000140002128     ucrt:api-ms-win-crt-runtime-l1-1-0.dll
 0002:00000130       __imp__exit                0000000140002130     ucrt:api-ms-win-crt-runtime-l1-1-0.dll
 0002:00000138       __imp_exit                 0000000140002138     ucrt:api-ms-win-crt-runtime-l1-1-0.dll
 0002:00000140       __imp__initterm_e          0000000140002140     ucrt:api-ms-win-crt-runtime-l1-1-0.dll
 0002:00000148       __imp__initterm            0000000140002148     ucrt:api-ms-win-crt-runtime-l1-1-0.dll
 0002:00000150       __imp__get_initial_narrow_environment 0000000140002150     ucrt:api-ms-win-crt-runtime-l1-1-0.dll
 0002:00000158       __imp__initialize_narrow_environment 0000000140002158     ucrt:api-ms-win-crt-runtime-l1-1-0.dll
 0002:00000160       __imp__configure_narrow_argv 0000000140002160     ucrt:api-ms-win-crt-runtime-l1-1-0.dll
 0002:00000168       __imp__initialize_onexit_table 0000000140002168     ucrt:api-ms-win-crt-runtime-l1-1-0.dll
 0002:00000170       \177api-ms-win-crt-runtime-l1-1-0_NULL_THUNK_DATA 0000000140002170     ucrt:api-ms-win-crt-runtime-l1-1-0.dll
 0002:00000178       __imp___stdio_common_vfprintf 0000000140002178     ucrt:api-ms-win-crt-stdio-l1-1-0.dll
 0002:00000180       __imp___acrt_iob_func      0000000140002180     ucrt:api-ms-win-crt-stdio-l1-1-0.dll
 0002:00000188       __imp___p__commode         0000000140002188     ucrt:api-ms-win-crt-stdio-l1-1-0.dll
 0002:00000190       __imp__set_fmode           0000000140002190     ucrt:api-ms-win-crt-stdio-l1-1-0.dll
 0002:00000198       \177api-ms-win-crt-stdio-l1-1-0_NULL_THUNK_DATA 0000000140002198     ucrt:api-ms-win-crt-stdio-l1-1-0.dll
 0002:000001a0       __guard_check_icall_fptr   00000001400021a0     MSVCRT:guard_support.obj
 0002:000001a8       __guard_xfg_check_icall_fptr 00000001400021a8     MSVCRT:guard_support.obj
 0002:000001b0       __guard_dispatch_icall_fptr 00000001400021b0     MSVCRT:guard_support.obj
 0002:000001b8       __guard_xfg_dispatch_icall_fptr 00000001400021b8     MSVCRT:guard_support.obj
 0002:000001c0       __guard_xfg_table_dispatch_icall_fptr 00000001400021c0     MSVCRT:guard_support.obj
 0002:000001c8       __castguard_check_failure_os_handled_fptr 00000001400021c8     MSVCRT:guard_support.obj
 0002:000001d0       __guard_memcpy_fptr        00000001400021d0     vcruntime:softmemtag.obj
 0002:000001d8       __xc_a                     00000001400021d8     MSVCRT:initializers.obj
 0002:000001e8       __xc_z                     00000001400021e8     MSVCRT:initializers.obj
 0002:000001f0       __xi_a                     00000001400021f0     MSVCRT:initializers.obj
 0002:00000208       __xi_z                     0000000140002208     MSVCRT:initializers.obj
 0002:00000210       __xp_a                     0000000140002210     MSVCRT:initializers.obj
 0002:00000218       __xp_z                     0000000140002218     MSVCRT:initializers.obj
 0002:00000220       __xt_a                     0000000140002220     MSVCRT:initializers.obj
 0002:00000228       __xt_z                     0000000140002228     MSVCRT:initializers.obj
 0002:00000240       __xmm@ffffffffffffffffffffffffffffffff 0000000140002240     MSVCRT:utility.obj
 0002:00000250       ??_C@_03PMGGPEJJ@?$CFd?6@  0000000140002250     Source.obj
 0002:00000260       _load_config_used          0000000140002260     MSVCRT:loadcfg.obj
 0002:00000480       __volatile_metadata        0000000140002480     <linker-defined>
 0002:000007c8       __rtc_iaa                  00000001400027c8     MSVCRT:initsect.obj
 0002:000007d0       __rtc_izz                  00000001400027d0     MSVCRT:initsect.obj
 0002:000007d8       __rtc_taa                  00000001400027d8     MSVCRT:initsect.obj
 0002:000007e0       __rtc_tzz                  00000001400027e0     MSVCRT:initsect.obj
 0002:000008cc       __IMPORT_DESCRIPTOR_VCRUNTIME140 00000001400028cc     vcruntime:VCRUNTIME140.dll
 0002:000008e0       __IMPORT_DESCRIPTOR_api-ms-win-crt-stdio-l1-1-0 00000001400028e0     ucrt:api-ms-win-crt-stdio-l1-1-0.dll
 0002:000008f4       __IMPORT_DESCRIPTOR_api-ms-win-crt-runtime-l1-1-0 00000001400028f4     ucrt:api-ms-win-crt-runtime-l1-1-0.dll
 0002:00000908       __IMPORT_DESCRIPTOR_api-ms-win-crt-math-l1-1-0 0000000140002908     ucrt:api-ms-win-crt-math-l1-1-0.dll
 0002:0000091c       __IMPORT_DESCRIPTOR_api-ms-win-crt-locale-l1-1-0 000000014000291c     ucrt:api-ms-win-crt-locale-l1-1-0.dll
 0002:00000930       __IMPORT_DESCRIPTOR_api-ms-win-crt-heap-l1-1-0 0000000140002930     ucrt:api-ms-win-crt-heap-l1-1-0.dll
 0002:00000944       __IMPORT_DESCRIPTOR_KERNEL32 0000000140002944     kernel32:KERNEL32.dll
 0002:00000958       __NULL_IMPORT_DESCRIPTOR   0000000140002958     vcruntime:VCRUNTIME140.dll
 0003:00000000       __security_cookie_complement 0000000140003000     MSVCRT:gs_cookie.obj
 0003:00000008       __security_cookie          0000000140003008     MSVCRT:gs_cookie.obj
 0003:00000010       __scrt_native_dllmain_reason 0000000140003010     MSVCRT:utility.obj
 0003:00000014       __scrt_default_matherr     0000000140003014     MSVCRT:matherr.obj
 0003:00000018       __isa_available            0000000140003018     MSVCRT:cpu_disp.obj
 0003:0000001c       __isa_enabled              000000014000301c     MSVCRT:cpu_disp.obj
 0003:00000020       __memset_fast_string_threshold 0000000140003020     MSVCRT:cpu_disp.obj
 0003:00000028       __memset_nt_threshold      0000000140003028     MSVCRT:cpu_disp.obj
 0003:00000030       __scrt_ucrt_dll_is_in_use  0000000140003030     MSVCRT:ucrt_stubs.obj
 0003:000005b0       __scrt_current_native_startup_state 00000001400035b0     MSVCRT:utility.obj
 0003:000005b8       __scrt_native_startup_lock 00000001400035b8     MSVCRT:utility.obj
 0003:00000600       ?__type_info_root_node@@3U__type_info_node@@A 0000000140003600     MSVCRT:tncleanup.obj
 0003:00000610       ?_OptionsStorage@?1??__local_stdio_scanf_options@@9@4_KA 0000000140003610     MSVCRT:default_local_stdio_options.obj
 0003:00000618       __scrt_debugger_hook_flag  0000000140003618     MSVCRT:utility_desktop.obj
 0003:0000061c       __favor                    000000014000361c     MSVCRT:cpu_disp.obj
 0003:00000620       ?_OptionsStorage@?1??__local_stdio_printf_options@@9@4_KA 0000000140003620     Source.obj
 0003:00000628       __dyn_tls_dtor_callback    0000000140003628     <common>
 0003:00000630       __dyn_tls_init_callback    0000000140003630     <common>

 entry point at        0001:00000360

 Static symbols

 0000:ffff9000       .debug$S                   0000000140000000     ucrt:api-ms-win-crt-heap-l1-1-0.dll
 0000:ffff9000       .debug$S                   0000000140000000     ucrt:api-ms-win-crt-locale-l1-1-0.dll
 0000:ffff9000       .debug$S                   0000000140000000     ucrt:api-ms-win-crt-math-l1-1-0.dll
 0000:ffff9000       .debug$S                   0000000140000000     ucrt:api-ms-win-crt-runtime-l1-1-0.dll
 0000:ffff9000       .debug$S                   0000000140000000     ucrt:api-ms-win-crt-runtime-l1-1-0.dll
 0000:ffff9000       .debug$S                   0000000140000000     ucrt:api-ms-win-crt-runtime-l1-1-0.dll
 0000:ffff9000       .debug$S                   0000000140000000     ucrt:api-ms-win-crt-runtime-l1-1-0.dll
 0000:ffff9000       .debug$S                   0000000140000000     ucrt:api-ms-win-crt-runtime-l1-1-0.dll
 0000:ffff9000       .debug$S                   0000000140000000     ucrt:api-ms-win-crt-runtime-l1-1-0.dll
 0000:ffff9000       .debug$S                   0000000140000000     ucrt:api-ms-win-crt-runtime-l1-1-0.dll
 0000:ffff9000       .debug$S                   0000000140000000     ucrt:api-ms-win-crt-runtime-l1-1-0.dll
 0000:ffff9000       .debug$S                   0000000140000000     ucrt:api-ms-win-crt-runtime-l1-1-0.dll
 0000:ffff9000       .debug$S                   0000000140000000     ucrt:api-ms-win-crt-runtime-l1-1-0.dll
 0000:ffff9000       .debug$S                   0000000140000000     ucrt:api-ms-win-crt-runtime-l1-1-0.dll
 0000:ffff9000       .debug$S                   0000000140000000     ucrt:api-ms-win-crt-runtime-l1-1-0.dll
 0000:ffff9000       .debug$S                   0000000140000000     ucrt:api-ms-win-crt-runtime-l1-1-0.dll
 0000:ffff9000       .debug$S                   0000000140000000     ucrt:api-ms-win-crt-runtime-l1-1-0.dll
 0000:ffff9000       .debug$S                   0000000140000000     ucrt:api-ms-win-crt-runtime-l1-1-0.dll
 0000:ffff9000       .debug$S                   0000000140000000     ucrt:api-ms-win-crt-runtime-l1-1-0.dll
 0000:ffff9000       .debug$S                   0000000140000000     ucrt:api-ms-win-crt-runtime-l1-1-0.dll
 0000:ffff9000       .debug$S                   0000000140000000     ucrt:api-ms-win-crt-runtime-l1-1-0.dll
 0000:ffff9000       .debug$S                   0000000140000000     ucrt:api-ms-win-crt-runtime-l1-1-0.dll
 0000:ffff9000       .debug$S                   0000000140000000     ucrt:api-ms-win-crt-runtime-l1-1-0.dll
 0000:ffff9000       .debug$S                   0000000140000000     ucrt:api-ms-win-crt-runtime-l1-1-0.dll
 0000:ffff9000       .debug$S                   0000000140000000     ucrt:api-ms-win-crt-stdio-l1-1-0.dll
 0000:ffff9000       .debug$S                   0000000140000000     ucrt:api-ms-win-crt-stdio-l1-1-0.dll
 0000:ffff9000       .debug$S                   0000000140000000     ucrt:api-ms-win-crt-stdio-l1-1-0.dll
 0000:ffff9000       .debug$S                   0000000140000000     ucrt:api-ms-win-crt-stdio-l1-1-0.dll
 0000:ffff9000       .debug$S                   0000000140000000     kernel32:KERNEL32.dll
 0000:ffff9000       .debug$S                   0000000140000000     kernel32:KERNEL32.dll
 0000:ffff9000       .debug$S                   0000000140000000     kernel32:KERNEL32.dll
 0000:ffff9000       .debug$S                   0000000140000000     kernel32:KERNEL32.dll
 0000:ffff9000       .debug$S                   0000000140000000     kernel32:KERNEL32.dll
 0000:ffff9000       .debug$S                   0000000140000000     kernel32:KERNEL32.dll
 0000:ffff9000       .debug$S                   0000000140000000     kernel32:KERNEL32.dll
 0000:ffff9000       .debug$S                   0000000140000000     kernel32:KERNEL32.dll
 0000:ffff9000       .debug$S                   0000000140000000     kernel32:KERNEL32.dll
 0000:ffff9000       .debug$S                   0000000140000000     kernel32:KERNEL32.dll
 0000:ffff9000       .debug$S                   0000000140000000     kernel32:KERNEL32.dll
 0000:ffff9000       .debug$S                   0000000140000000     kernel32:KERNEL32.dll
 0000:ffff9000       .debug$S                   0000000140000000     kernel32:KERNEL32.dll
 0000:ffff9000       .debug$S                   0000000140000000     kernel32:KERNEL32.dll
 0000:ffff9000       .debug$S                   0000000140000000     kernel32:KERNEL32.dll
 0000:ffff9000       .debug$S                   0000000140000000     kernel32:KERNEL32.dll
 0000:ffff9000       .debug$S                   0000000140000000     vcruntime:VCRUNTIME140.dll
 0000:ffff9000       .debug$S                   0000000140000000     vcruntime:VCRUNTIME140.dll
 0000:ffff9000       .debug$S                   0000000140000000     vcruntime:VCRUNTIME140.dll
 0000:ffff9000       .debug$S                   0000000140000000     vcruntime:VCRUNTIME140.dll
 0000:ffff9000       .debug$S                   0000000140000000     vcruntime:VCRUNTIME140.dll
 0000:ffff9000       .debug$S                   0000000140000000     vcruntime:VCRUNTIME140.dll
 0001:000000d0       $$000000                   00000001400010d0     MSVCRT:amdsecgs.obj
 0001:00000100       ?pre_c_initialization@@YAHXZ 0000000140001100 f   MSVCRT:exe_main.obj
 0001:000001b8       ?post_pgo_initialization@@YAHXZ 00000001400011b8 f   MSVCRT:exe_main.obj
 0001:000001c8       ?pre_cpp_initialization@@YAXXZ 00000001400011c8 f   MSVCRT:exe_main.obj
 0001:000001e4       ?__scrt_common_main_seh@@YAHXZ 00000001400011e4 f   MSVCRT:exe_main.obj
 0001:0000047c       capture_previous_context   000000014000147c f   MSVCRT:gs_report.obj
 0001:00000d60       $$000000                   0000000140001d60     MSVCRT:guard_dispatch.obj
 0001:00000d80       $$000000                   0000000140001d80     MSVCRT:guard_xfg_dispatch.obj
 0001:00000d96       ?filt$0@?0??__scrt_common_main_seh@@YAHXZ@4HA 0000000140001d96 f   MSVCRT:exe_main.obj
 0001:00000db4       __scrt_is_nonwritable_in_current_image$filt$0 0000000140001db4 f   MSVCRT:utility.obj
 0002:000001e0       ?pre_cpp_initializer@@3P6AXXZEA 00000001400021e0     MSVCRT:exe_main.obj
 0002:000001f8       ?pre_c_initializer@@3P6AHXZEA 00000001400021f8     MSVCRT:exe_main.obj
 0002:00000200       ?post_pgo_initializer@@3P6AHXZEA 0000000140002200     MSVCRT:exe_main.obj
 0002:00000230       GS_ExceptionPointers       0000000140002230     MSVCRT:gs_report.obj
 0002:000007e8       $unwind$printf             00000001400027e8     Source.obj
 0002:000007f4       $unwind$main               00000001400027f4     Source.obj
 0002:000007f4       $unwind$__scrt_initialize_default_local_stdio_options 00000001400027f4     MSVCRT:default_local_stdio_options.obj
 0002:000007f4       $unwind$?post_pgo_initialization@@YAHXZ 00000001400027f4     MSVCRT:exe_main.obj
 0002:000007f4       $unwind$?pre_cpp_initialization@@YAXXZ 00000001400027f4     MSVCRT:exe_main.obj
 0002:000007f4       $unwind$mainCRTStartup     00000001400027f4     MSVCRT:exe_main.obj
 0002:000007f4       $unwind$__scrt_acquire_startup_lock 00000001400027f4     MSVCRT:utility.obj
 0002:000007f4       $unwind$atexit             00000001400027f4     MSVCRT:utility.obj
 0002:000007f4       $unwind$__scrt_is_managed_app 00000001400027f4     MSVCRT:utility_desktop.obj
 0002:00000800       $xdatasym                  0000000140002800     MSVCRT:amdsecgs.obj
 0002:00000804       $unwind$?pre_c_initialization@@YAHXZ 0000000140002804     MSVCRT:exe_main.obj
 0002:00000804       $unwind$__raise_securityfailure 0000000140002804     MSVCRT:gs_report.obj
 0002:00000804       $unwind$__scrt_initialize_crt 0000000140002804     MSVCRT:utility.obj
 0002:00000804       $unwind$__scrt_initialize_onexit_tables 0000000140002804     MSVCRT:utility.obj
 0002:00000804       $unwind$__scrt_release_startup_lock 0000000140002804     MSVCRT:utility.obj
 0002:00000804       $unwind$__scrt_uninitialize_crt 0000000140002804     MSVCRT:utility.obj
 0002:00000804       $unwind$_onexit            0000000140002804     MSVCRT:utility.obj
 0002:0000080c       $unwind$?__scrt_common_main_seh@@YAHXZ 000000014000280c     MSVCRT:exe_main.obj
 0002:00000844       $unwind$?filt$0@?0??__scrt_common_main_seh@@YAHXZ@4HA 0000000140002844     MSVCRT:exe_main.obj
 0002:0000084c       $unwind$__report_gsfailure 000000014000284c     MSVCRT:gs_report.obj
 0002:00000854       $unwind$capture_previous_context 0000000140002854     MSVCRT:gs_report.obj
 0002:00000860       $unwind$__scrt_is_nonwritable_in_current_image 0000000140002860     MSVCRT:utility.obj
 0002:00000880       $unwind$__scrt_is_nonwritable_in_current_image$filt$0 0000000140002880     MSVCRT:utility.obj
 0002:00000888       $unwind$__security_init_cookie 0000000140002888     MSVCRT:gs_support.obj
 0002:00000894       $unwind$__scrt_fastfail    0000000140002894     MSVCRT:utility_desktop.obj
 0002:000008a4       $unwind$_RTC_Initialize    00000001400028a4     MSVCRT:initsect.obj
 0002:000008a4       $unwind$_RTC_Terminate     00000001400028a4     MSVCRT:initsect.obj
 0002:000008a4       $unwind$__scrt_unhandled_exception_filter 00000001400028a4     MSVCRT:utility_desktop.obj
 0002:000008b0       $unwind$__isa_available_init 00000001400028b0     MSVCRT:cpu_disp.obj
 0002:000008c0       $xdatasym                  00000001400028c0     MSVCRT:guard_dispatch.obj
 0002:000008c8       $xdatasym                  00000001400028c8     MSVCRT:guard_xfg_dispatch.obj
 0002:00000b66       .idata$6                   0000000140002b66     vcruntime:VCRUNTIME140.dll
 0002:00000d56       .idata$6                   0000000140002d56     ucrt:api-ms-win-crt-stdio-l1-1-0.dll
 0002:00000d76       .idata$6                   0000000140002d76     ucrt:api-ms-win-crt-runtime-l1-1-0.dll
 0002:00000d98       .idata$6                   0000000140002d98     ucrt:api-ms-win-crt-math-l1-1-0.dll
 0002:00000db8       .idata$6                   0000000140002db8     ucrt:api-ms-win-crt-locale-l1-1-0.dll
 0002:00000dda       .idata$6                   0000000140002dda     ucrt:api-ms-win-crt-heap-l1-1-0.dll
 0002:00000f58       .idata$6                   0000000140002f58     kernel32:KERNEL32.dll
 0003:00000040       GS_ExceptionRecord         0000000140003040     MSVCRT:gs_report.obj
 0003:000000e0       GS_ContextRecord           00000001400030e0     MSVCRT:gs_report.obj
 0003:000005c0       ?is_initialized_as_dll@@3_NA 00000001400035c0     MSVCRT:utility.obj
 0003:000005c1       ?module_local_atexit_table_initialized@@3_NA 00000001400035c1     MSVCRT:utility.obj
 0003:000005c8       ?module_local_atexit_table@@3U_onexit_table_t@@A 00000001400035c8     MSVCRT:utility.obj
 0003:000005e0       ?module_local_at_quick_exit_table@@3U_onexit_table_t@@A 00000001400035e0     MSVCRT:utility.obj
 0005:00000060       $R000000                   0000000140005060     * linker generated manifest res *
